--------------------------------------------------------------------------------
Release 6.1.03i Trace G.26
Copyright (c) 1995-2003 Xilinx, Inc.  All rights reserved.

C:/Xilinx/bin/nt/trce.exe -intstyle ise -e 3 -l 3 -xml edge_detect
edge_detect.ncd -o edge_detect.twr edge_detect.pcf


Design file:              edge_detect.ncd
Physical constraint file: edge_detect.pcf
Device,speed:             xc2s100,-6 (PRODUCTION 1.27 2003-11-04)
Report level:             error report

Environment Variable      Effect 
--------------------      ------ 
NONE                      No environment variables were set
--------------------------------------------------------------------------------

INFO:Timing:2698 - No timing constraints found, doing default enumeration.
INFO:Timing:2752 - To get complete path coverage, use the unconstrained paths
   option. All paths that are not constrained will be reported in the
   unconstrained paths section(s) of the report.


Data Sheet report:
-----------------
All values displayed in nanoseconds (ns)

Setup/Hold to clock clk
------------+------------+------------+------------------+--------+
            |  Setup to  |  Hold to   |                  |  Clock |
Source      | clk (edge) | clk (edge) |Internal Clock(s) |  Phase |
------------+------------+------------+------------------+--------+
in          |    2.300(R)|    0.000(R)|clk_BUFGP         |   0.000|
------------+------------+------------+------------------+--------+

Clock clk to Pad
------------+------------+------------------+--------+
            | clk (edge) |                  |  Clock |
Destination | to PAD     |Internal Clock(s) |  Phase |
------------+------------+------------------+--------+
out         |    9.003(R)|clk_BUFGP         |   0.000|
------------+------------+------------------+--------+

Pad to Pad
---------------+---------------+---------+
Source Pad     |Destination Pad|  Delay  |
---------------+---------------+---------+
in             |out            |    7.435|
---------------+---------------+---------+

Analysis completed Fri Mar 05 23:02:50 2004
--------------------------------------------------------------------------------

Peak Memory Usage: 43 MB
